<html>
<body>
<pre>
<h1>µVision Build Log</h1>
<h2>Project:</h2>
C:\Users\ukhan\CECS447\Lab1\C2_Toggle_PF1.uvproj
Project File Date:  09/11/2019

<h2>Output:</h2>
Rebuild target 'C2_Toggle_PF1'
assembling startup.s...
compiling main.c...
compiling SysTick.c...
linking...
Program Size: Code=1320 RO-data=32 RW-data=8 ZI-data=1120  
".\C2_Toggle_PF1.axf" - 0 Error(s), 0 Warning(s).
Load "C:\\Users\\ukhan\\CECS447\\Lab1\\C2_Toggle_PF1.axf" 
Connecting: Mode=JTAG, Speed=1000000Hz
Erase Done.
Programming Done.
Verify OK.
</pre>
</body>
</html>
