<html>
<body>
<pre>
<h1>µVision Build Log</h1>
<h2>Project:</h2>
E:\Download\C11_UART\C11_UART\UART.uvproj
Project File Date:  10/14/2019

<h2>Output:</h2>
Rebuild target 'UART'
assembling startup.s...
compiling PLL.c...
compiling UART.c...
compiling UARTTestMain.c...
linking...
Program Size: Code=2348 RO-data=288 RW-data=16 ZI-data=1120  
".\UART.axf" - 0 Error(s), 0 Warning(s).
Load "E:\\Download\\C11_UART\\C11_UART\\UART.axf" 
Connecting: Mode=JTAG, Speed=1000000Hz
Erase Done.
Programming Done.
Verify OK.
Load "E:\\Download\\C11_UART\\C11_UART\\UART.axf" 
Connecting: Mode=JTAG, Speed=1000000Hz
Erase Done.
Programming Done.
Verify OK.
